........................................................................ [ 44%]
........................................................................ [ 88%]
...................                                                      [100%]
163 passed in 56.68s
